1
2
3
4
5
6
7
8
9
10
done
10
9
8
7
6
5
4
3
2
1
done
done
5
4
3
2
1
0
-1
-2
-3
-4
-5
done
-5
-3
-1
1
3
5
done
done
-10
-9
-8
-7
-6
-5
done
-1
-2
-3
-4
-5
-6
-7
-8
-9
-10
done
0
0.5
1
1.5
2
2.5
3
3.5
4
4.5
5
5.5
6
6.5
7
7.5
8
8.5
9
9.5
10
done
5
4.5
4
3.5
3
2.5
2
1.5
1
done
1
0.75
0.5
0.25
0
-0.25
-0.5
-0.75
-1
done
10
7.5
5
2.5
0
-2.5
-5
-7.5
-10
done
-1000
-874.75
-749.5
-624.25
-499
-373.75
-248.5
-123.25
2
127.25
252.5
377.75
503
628.25
753.5
878.75
done
done
-100
-87.5
-75
-62.5
-50
-37.5
-25
-12.5
done
-10
-30.125
-50.25
-70.375
-90.5
done
1
1.5
2
2.5
3
3.5
4
4.5
5
5.5
6
6.5
7
7.5
8
8.5
9
9.5
10
done
