9000
0.5
Wow.
true
true
Happy Birthday!

From,
drwhut
