17.2619
-3
-0.2
0.714286
4.11866
-1.9194
-0.700593
1.99526
2.26415
4.23
