683
20
-120
2
0.4363
187.776
-17.21
-5985.75
6.7
3.23
