my strings:
bleep
boop
251
40
40 is a divisor of 360
A 15 year old cannot drink in the UK
They will need to wait this many years until they can drink:
3
